pystackql smoke test  registry=local  location=westus2  rg=stackql-pysmoke-1783628689
stackql binary: v0.10.542 (2a0297b)  pystackql: 3.8.4
azure provider version: v00.00.00000
== breadcrumb sweep ==
  clean - no breadcrumbs found

== 1. resource group ==
  PASS  rg insert
  PASS  rg select
  PASS  rg update (tags)
  PASS  rg select (verify update)  (1s)

== 2. vnet ==
  PASS  vnet insert
  PASS  vnet provisioned  (1s)
  PASS  vnet update (tags)
  PASS  vnet select (verify update)  (1s)

== 3. subnet ==
  PASS  subnet insert
  PASS  subnet select  (1s)
  PASS  subnet replace (re-put, update path)

== 4. network security group ==
  PASS  nsg insert
  PASS  nsg provisioned  (1s)
  PASS  nsg update (tags)
  PASS  nsg select (verify update)  (1s)

== 5. nic (subnet + nsg) ==
  PASS  nic insert
  PASS  nic provisioned  (1s)
  PASS  nic update (tags)

== 6. VM (smallest available size) ==
        (size Standard_B2ats_v2 rejected)
        (size Standard_B1s rejected)
        (size Standard_B1ls rejected)
        (size Standard_B2ts_v2 rejected)
        (size Standard_A1_v2 rejected)
        (size Standard_DS1_v2 rejected)
        (size Standard_D2as_v5 rejected)
        (size Standard_D2s_v5 rejected)
  XFAIL vm insert  [vm-capacity]

== 7. storage account + container (bucket) ==
  PASS  storage insert
  PASS  storage provisioned  (23s)
  PASS  storage update (tags)
  PASS  storage select (verify update)  (1s)
  FAIL  container insert  [[{"error": "http response status code: 404, response body: {\"error\":{\"code\":\"ContainerOperation]
  FAIL  container select  [no rows]
  FAIL  container update (metadata)  [[{"error": "http response status code: 404, response body: {\"error\":{\"code\":\"ContainerOperation]

== 8. cosmos db (serverless, Table API) ==
  PASS  cosmos insert
  PASS  cosmos provisioned  (64s)
  PASS  cosmos update (tags)
  PASS  table insert (control plane)
  PASS  table select (control plane)  (24s)
  FAIL  table update (re-put with tags)  [[{"error": "cannot find matching operation, possible causes include missing required parameters or a]

== 9. cosmos table data plane (put/get/delete entity) ==
  FAIL  entity put (data plane)  [[{"error": "http response status code: 400, response body: {\"odata.error\":{\"code\":\"InvalidInput]
  PASS  entity get (data plane)
  XFAIL entity delete (data plane)  [dataplane-auth]

== 10. teardown (reverse order) ==
  PASS  table delete
  PASS  table gone  (23s)
  PASS  cosmos delete
  PASS  cosmos gone  (33s)
  PASS  container delete
  PASS  storage delete
  PASS  storage gone  (1s)
  PASS  nic delete
  PASS  nic gone  (1s)
  PASS  nsg delete
  PASS  subnet delete
  PASS  vnet delete
  PASS  vnet gone  (1s)
  PASS  rg delete
  FAIL  rg gone  [timeout: [{"name": "stackql-pysmoke-1783628689"}]]

============================================================================
SMOKE TEST SUMMARY
  stackql binary : v0.10.542 (2a0297b)
  pystackql      : 3.8.4
  azure provider : v00.00.00000 (registry: local)
============================================================================
  PASS   rg insert                           
  PASS   rg select                           
  PASS   rg update (tags)                    
  PASS   rg select (verify update)             [1s]
  PASS   vnet insert                         
  PASS   vnet provisioned                      [1s]
  PASS   vnet update (tags)                  
  PASS   vnet select (verify update)           [1s]
  PASS   subnet insert                       
  PASS   subnet select                         [1s]
  PASS   subnet replace (re-put, update path)
  PASS   nsg insert                          
  PASS   nsg provisioned                       [1s]
  PASS   nsg update (tags)                   
  PASS   nsg select (verify update)            [1s]
  PASS   nic insert                          
  PASS   nic provisioned                       [1s]
  PASS   nic update (tags)                   
  XFAIL  vm insert (all sizes)                 [vm-capacity]
  PASS   storage insert                      
  PASS   storage provisioned                   [23s]
  PASS   storage update (tags)               
  PASS   storage select (verify update)        [1s]
  FAIL   container insert                      [[{"error": "http response status code: 404, response body: {\"error\":]
  FAIL   container select                      [expected rows, got none]
  FAIL   container update (metadata)           [[{"error": "http response status code: 404, response body: {\"error\":]
  PASS   cosmos insert                       
  PASS   cosmos provisioned                    [64s]
  PASS   cosmos update (tags)                
  PASS   table insert (control plane)        
  PASS   table select (control plane)          [24s]
  FAIL   table update (re-put with tags)       [[{"error": "cannot find matching operation, possible causes include mi]
  FAIL   entity put (data plane)               [[{"error": "http response status code: 400, response body: {\"odata.er]
  PASS   entity get (data plane)             
  XFAIL  entity delete (data plane)            [dataplane-auth]
  PASS   table delete                        
  PASS   table gone                            [23s]
  PASS   cosmos delete                       
  PASS   cosmos gone                           [33s]
  PASS   container delete                    
  PASS   storage delete                      
  PASS   storage gone                          [1s]
  PASS   nic delete                          
  PASS   nic gone                              [1s]
  PASS   nsg delete                          
  PASS   subnet delete                       
  PASS   vnet delete                         
  PASS   vnet gone                             [1s]
  PASS   rg delete                           
  FAIL   rg gone                               [timeout: [{"name": "stackql-pysmoke-1783628689"}]]
----------------------------------------------------------------------------
  42 passed, 6 failed, 2 expected failures (known limitations), 0 skipped
