UAT run 2026-07-05T00:49:58Z rg=stackql-uat-1783212598 sub=d0a7d0c1-76bf-404f-bc48-ce42346fd01b auth=env

===== 1. SHOW SERVICES (sample) =====
-- SHOW SERVICES IN azure
|---------------------------------------------------------|--------------------------------------------|--------------------------------|
|                           id                            |                    name                    |             title              |
|---------------------------------------------------------|--------------------------------------------|--------------------------------|
| advisor:v00.00.00000                                    | advisor                                    | Advisor Management Client      |
|---------------------------------------------------------|--------------------------------------------|--------------------------------|
| agricultureplatform:v00.00.00000                        | agricultureplatform                        | Agriculture Platform Mgmt      |
|                                                         |                                            | Client                         |
|---------------------------------------------------------|--------------------------------------------|--------------------------------|
| agrifood_farming:v00.00.00000                           | agrifood_farming                           | Farm Beats Client              |
|---------------------------------------------------------|--------------------------------------------|--------------------------------|
| ai_agents:v00.00.00000                                  | ai_agents                                  | Agents Client                  |
|---------------------------------------------------------|--------------------------------------------|--------------------------------|

===== 2. SHOW RESOURCES (network) =====
-- SHOW RESOURCES IN azure.network
|-------------------------------------------------------|---------------------------------------------------------------------|
|                         name                          |                                 id                                  |
|-------------------------------------------------------|---------------------------------------------------------------------|
| active_connectivity_configurations                    | azure.network.active_connectivity_configurations                    |
|-------------------------------------------------------|---------------------------------------------------------------------|
| active_security_admin_rules                           | azure.network.active_security_admin_rules                           |
|-------------------------------------------------------|---------------------------------------------------------------------|
| active_sessions                                       | azure.network.active_sessions                                       |
|-------------------------------------------------------|---------------------------------------------------------------------|
| admin_rule_collections                                | azure.network.admin_rule_collections                                |
|-------------------------------------------------------|---------------------------------------------------------------------|
| admin_rules                                           | azure.network.admin_rules                                           |

===== 3. DESCRIBE EXTENDED vnets =====
-- DESCRIBE EXTENDED azure.network.virtual_networks
|---------------------------------|---------|--------------------------------|
|              name               |  type   |          description           |
|---------------------------------|---------|--------------------------------|
| id                              | string  | Resource ID.                   |
|---------------------------------|---------|--------------------------------|
| name                            | string  | Resource name.                 |
|---------------------------------|---------|--------------------------------|
| address_space                   | object  | AddressSpace contains an array |
|                                 |         | of IP address ranges that      |
|                                 |         | can be used by subnets of the  |
|                                 |         | virtual network.               |
|---------------------------------|---------|--------------------------------|
| bgp_communities                 | object  | Bgp Communities sent over      |
|                                 |         | ExpressRoute with each route   |
|                                 |         | corresponding to a prefix in   |
|                                 |         | this VNET.                     |
|---------------------------------|---------|--------------------------------|
| ddos_protection_plan            | object  | Reference to another           |
|                                 |         | subresource.                   |
|---------------------------------|---------|--------------------------------|

===== 4. SHOW EXTENDED METHODS rgs =====
-- SHOW EXTENDED METHODS IN azure.resource.resource_groups
|------------------|--------------------------------|---------|--------------------------------|
|    MethodName    |         RequiredParams         | SQLVerb |          description           |
|------------------|--------------------------------|---------|--------------------------------|
| get              | resource_group_name,           | SELECT  | Gets a resource group.         |
|                  | subscription_id                |         |                                |
|------------------|--------------------------------|---------|--------------------------------|
| list             | subscription_id                | SELECT  | Gets all the resource groups   |
|                  |                                |         | for a subscription.            |
|------------------|--------------------------------|---------|--------------------------------|
| delete           | resource_group_name,           | DELETE  | Deletes a resource group.      |
|                  | subscription_id                |         | When you delete a resource     |
|                  |                                |         | group, all of its resources    |
|                  |                                |         | are also deleted. Deleting a   |
|                  |                                |         | resource group deletes all of  |
|                  |                                |         | its template deployments and   |
|                  |                                |         | currently stored operations.   |
|------------------|--------------------------------|---------|--------------------------------|
| update           | resource_group_name,           | UPDATE  | Updates a resource group.      |
|                  | subscription_id                |         | Resource groups can be         |
|                  |                                |         | updated through a simple PATCH |
|                  |                                |         | operation to a group address.  |
|                  |                                |         | The format of the request is   |
|                  |                                |         | the same as that for creating  |
|                  |                                |         | a resource group. If a field   |
|                  |                                |         | is unspecified, the current    |

===== 5. INSERT resource group (RETURNING) =====
-- INSERT INTO azure.resource.resource_groups(resource_group_name, subscription_id, location, tags) SELECT 'stackql-uat-1783212598', 'd0a7d0c1-76bf-404f-bc48-ce42346fd01b', 'eastus', '{"env": "uat", "owner": "stackql"}' RETURNING name, location
|------------------------|----------|
|          name          | location |
|------------------------|----------|
| stackql-uat-1783212598 | eastus   |
|------------------------|----------|

===== 6. SELECT resource group (shape) =====
-- SELECT name, location, tags, provisioning_state FROM azure.resource.resource_groups WHERE subscription_id = 'd0a7d0c1-76bf-404f-bc48-ce42346fd01b' AND resource_group_name = 'stackql-uat-1783212598'
|------------------------|----------|---------------------------------|--------------------|
|          name          | location |              tags               | provisioning_state |
|------------------------|----------|---------------------------------|--------------------|
| stackql-uat-1783212598 | eastus   | {"env":"uat","owner":"stackql"} | Succeeded          |
|------------------------|----------|---------------------------------|--------------------|

===== 7. UPDATE resource group tags =====
-- UPDATE azure.resource.resource_groups SET tags = '{"env": "uat2", "updated": "true"}' WHERE resource_group_name = 'stackql-uat-1783212598' AND subscription_id = 'd0a7d0c1-76bf-404f-bc48-ce42346fd01b'
The operation was despatched successfully

===== 8. SELECT rg (verify update) =====
-- SELECT name, tags FROM azure.resource.resource_groups WHERE subscription_id = 'd0a7d0c1-76bf-404f-bc48-ce42346fd01b' AND resource_group_name = 'stackql-uat-1783212598'
|------------------------|---------------------------------|
|          name          |              tags               |
|------------------------|---------------------------------|
| stackql-uat-1783212598 | {"env":"uat2","updated":"true"} |
|------------------------|---------------------------------|

===== 9. INSERT vnet =====
-- INSERT INTO azure.network.virtual_networks(virtual_network_name, resource_group_name, subscription_id, location, properties) SELECT 'stackql-uat-vnet', 'stackql-uat-1783212598', 'd0a7d0c1-76bf-404f-bc48-ce42346fd01b', 'eastus', '{"addressSpace": {"addressPrefixes": ["10.42.0.0/16"]}}'
The operation was despatched successfully

===== 10. SELECT vnet (flattened shape) =====
-- SELECT name, location, provisioning_state, address_space, enable_ddos_protection FROM azure.network.virtual_networks WHERE subscription_id = 'd0a7d0c1-76bf-404f-bc48-ce42346fd01b' AND resource_group_name = 'stackql-uat-1783212598'
|------------------|----------|--------------------|--------------------------------------|------------------------|
|       name       | location | provisioning_state |            address_space             | enable_ddos_protection |
|------------------|----------|--------------------|--------------------------------------|------------------------|
| stackql-uat-vnet | eastus   | Succeeded          | {"addressPrefixes":["10.42.0.0/16"]} | false                  |
|------------------|----------|--------------------|--------------------------------------|------------------------|

===== 11. UPDATE vnet tags (update_tags PATCH) =====
-- UPDATE azure.network.virtual_networks SET tags = '{"tier": "uat"}' WHERE virtual_network_name = 'stackql-uat-vnet' AND resource_group_name = 'stackql-uat-1783212598' AND subscription_id = 'd0a7d0c1-76bf-404f-bc48-ce42346fd01b'
The operation was despatched successfully

===== 12. SELECT vnet (verify update) =====
-- SELECT name, tags, provisioning_state FROM azure.network.virtual_networks WHERE subscription_id = 'd0a7d0c1-76bf-404f-bc48-ce42346fd01b' AND resource_group_name = 'stackql-uat-1783212598'
|------------------|----------------|--------------------|
|       name       |      tags      | provisioning_state |
|------------------|----------------|--------------------|
| stackql-uat-vnet | {"tier":"uat"} | Succeeded          |
|------------------|----------------|--------------------|

===== 13. REPLACE vnet (create_or_update PUT, added prefix) =====
-- REPLACE azure.network.virtual_networks SET location = 'eastus', properties = '{"addressSpace": {"addressPrefixes": ["10.42.0.0/16", "10.43.0.0/16"]}}' WHERE virtual_network_name = 'stackql-uat-vnet' AND resource_group_name = 'stackql-uat-1783212598' AND subscription_id = 'd0a7d0c1-76bf-404f-bc48-ce42346fd01b'
The operation was despatched successfully

===== 14. SELECT vnet (verify replace) =====
-- SELECT name, address_space FROM azure.network.virtual_networks WHERE subscription_id = 'd0a7d0c1-76bf-404f-bc48-ce42346fd01b' AND resource_group_name = 'stackql-uat-1783212598'
|------------------|-----------------------------------------------------|
|       name       |                    address_space                    |
|------------------|-----------------------------------------------------|
| stackql-uat-vnet | {"addressPrefixes":["10.42.0.0/16","10.43.0.0/16"]} |
|------------------|-----------------------------------------------------|

===== 15. DELETE vnet =====
-- DELETE FROM azure.network.virtual_networks WHERE virtual_network_name = 'stackql-uat-vnet' AND resource_group_name = 'stackql-uat-1783212598' AND subscription_id = 'd0a7d0c1-76bf-404f-bc48-ce42346fd01b'
The operation was despatched successfully

===== 16. SELECT vnets (verify gone) =====
-- SELECT name FROM azure.network.virtual_networks WHERE subscription_id = 'd0a7d0c1-76bf-404f-bc48-ce42346fd01b' AND resource_group_name = 'stackql-uat-1783212598'
|------|
| name |
|------|

===== 17. DELETE resource group =====
-- DELETE FROM azure.resource.resource_groups WHERE resource_group_name = 'stackql-uat-1783212598' AND subscription_id = 'd0a7d0c1-76bf-404f-bc48-ce42346fd01b'
The operation was despatched successfully

===== 18. SELECT rg (verify gone/deleting) =====
-- SELECT name, provisioning_state FROM azure.resource.resource_groups WHERE subscription_id = 'd0a7d0c1-76bf-404f-bc48-ce42346fd01b' AND resource_group_name = 'stackql-uat-1783212598'
http response status code: 404, response body: {"error":{"code":"ResourceGroupNotFound","message":"Resource group 'stackql-uat-1783212598' could not be found."}}
|------|--------------------|
| name | provisioning_state |
|------|--------------------|

UAT complete - full log at /c/LocalGitRepos/stackql-registry/providers/stackql-provider-azure/stackql_azure_provider/uat-results-final2.log
